
Anshul@Anshul MINGW64 /d/AssignmentGit (master)
$ git config user.name
Anshul

Anshul@Anshul MINGW64 /d/AssignmentGit (master)
$ git config user.email
anshul.haldkar@zensar.com

Anshul@Anshul MINGW64 /d/AssignmentGit (master)
$ code index.txt

Anshul@Anshul MINGW64 /d/AssignmentGit (master)
$ git status
On branch master

No commits yet

Untracked files:
  (use "git add <file>..." to include in what will be committed)
        index.txt

nothing added to commit but untracked files present (use "git add" to track)

Anshul@Anshul MINGW64 /d/AssignmentGit (master)
$ git add .

Anshul@Anshul MINGW64 /d/AssignmentGit (master)
$ git status
On branch master

No commits yet

Changes to be committed:
  (use "git rm --cached <file>..." to unstage)
        new file:   index.txt


Anshul@Anshul MINGW64 /d/AssignmentGit (master)
$ git log
fatal: your current branch 'master' does not have any commits yet

Anshul@Anshul MINGW64 /d/AssignmentGit (master)
$ git commit -m "Create a file name Index.txt"
[master (root-commit) 363e62a] Create a file name Index.txt
 1 file changed, 2 insertions(+)
 create mode 100644 index.txt

Anshul@Anshul MINGW64 /d/AssignmentGit (master)
$ git log
commit 363e62ae2c1cc4511d650006fed1d1e14aa7cd14 (HEAD -> master)
Author: Anshul <anshul.haldkar@zensar.com>
Date:   Tue Jul 14 21:15:44 2020 +0530

    Create a file name Index.txt

Anshul@Anshul MINGW64 /d/AssignmentGit (master)
$ git status
On branch master
nothing to commit, working tree clean

Anshul@Anshul MINGW64 /d/AssignmentGit (master)
$ code content.txt

Anshul@Anshul MINGW64 /d/AssignmentGit (master)
$ git add .

Anshul@Anshul MINGW64 /d/AssignmentGit (master)
$ git status
On branch master
Changes to be committed:
  (use "git restore --staged <file>..." to unstage)
        new file:   content.txt


Anshul@Anshul MINGW64 /d/AssignmentGit (master)
$ git log
commit 363e62ae2c1cc4511d650006fed1d1e14aa7cd14 (HEAD -> master)
Author: Anshul <anshul.haldkar@zensar.com>
Date:   Tue Jul 14 21:15:44 2020 +0530

    Create a file name Index.txt

Anshul@Anshul MINGW64 /d/AssignmentGit (master)
$ git commit -m "Create a file name Content.txt"
[master 23d1cea] Create a file name Content.txt
 1 file changed, 2 insertions(+)
 create mode 100644 content.txt

Anshul@Anshul MINGW64 /d/AssignmentGit (master)
$ git status
On branch master
nothing to commit, working tree clean

Anshul@Anshul MINGW64 /d/AssignmentGit (master)
$ git og
git: 'og' is not a git command. See 'git --help'.

The most similar command is
        log

Anshul@Anshul MINGW64 /d/AssignmentGit (master)
$ git log
commit 23d1cea7b73af04a61b59cea821aad0d89984e24 (HEAD -> master)
Author: Anshul <anshul.haldkar@zensar.com>
Date:   Tue Jul 14 21:18:22 2020 +0530

    Create a file name Content.txt

commit 363e62ae2c1cc4511d650006fed1d1e14aa7cd14
Author: Anshul <anshul.haldkar@zensar.com>
Date:   Tue Jul 14 21:15:44 2020 +0530

    Create a file name Index.txt

Anshul@Anshul MINGW64 /d/AssignmentGit (master)
$ git reflog
23d1cea (HEAD -> master) HEAD@{0}: commit: Create a file name Content.txt
363e62a HEAD@{1}: commit (initial): Create a file name Index.txt

Anshul@Anshul MINGW64 /d/AssignmentGit (master)
$ git status
On branch master
nothing to commit, working tree clean

Anshul@Anshul MINGW64 /d/AssignmentGit (master)
$ code Index.txt\
>

Anshul@Anshul MINGW64 /d/AssignmentGit (master)
$ git add .

Anshul@Anshul MINGW64 /d/AssignmentGit (master)
$ git commit -m "Update in Index.txt"
[master e07dcae] Update in Index.txt
 1 file changed, 2 insertions(+), 1 deletion(-)

Anshul@Anshul MINGW64 /d/AssignmentGit (master)
$ git status
On branch master
nothing to commit, working tree clean

Anshul@Anshul MINGW64 /d/AssignmentGit (master)
$ git reflog
e07dcae (HEAD -> master) HEAD@{0}: commit: Update in Index.txt
23d1cea HEAD@{1}: commit: Create a file name Content.txt
363e62a HEAD@{2}: commit (initial): Create a file name Index.txt

Anshul@Anshul MINGW64 /d/AssignmentGit (master)
$ code content.txt

Anshul@Anshul MINGW64 /d/AssignmentGit (master)
$ git add .

Anshul@Anshul MINGW64 /d/AssignmentGit (master)
$ git commit -m "Update in contnet.txt"
[master 11b08a4] Update in contnet.txt
 1 file changed, 1 insertion(+)

Anshul@Anshul MINGW64 /d/AssignmentGit (master)
$ git status
On branch master
nothing to commit, working tree clean

Anshul@Anshul MINGW64 /d/AssignmentGit (master)
$ code newFile.pdf

Anshul@Anshul MINGW64 /d/AssignmentGit (master)
$ code newFile.pdf

Anshul@Anshul MINGW64 /d/AssignmentGit (master)
$ git rm newFile.pdf
fatal: pathspec 'newFile.pdf' did not match any files

Anshul@Anshul MINGW64 /d/AssignmentGit (master)
$ git commit -m "remove file newFile.pdf"
On branch master
Untracked files:
  (use "git add <file>..." to include in what will be committed)
        newFile.pdf

nothing added to commit but untracked files present (use "git add" to track)

Anshul@Anshul MINGW64 /d/AssignmentGit (master)
$ git status
On branch master
Untracked files:
  (use "git add <file>..." to include in what will be committed)
        newFile.pdf

nothing added to commit but untracked files present (use "git add" to track)

Anshul@Anshul MINGW64 /d/AssignmentGit (master)
$ git add .

Anshul@Anshul MINGW64 /d/AssignmentGit (master)
$ git commit -m "Create new  file pdf"
[master 35daed4] Create new  file pdf
 1 file changed, 3 insertions(+)
 create mode 100644 newFile.pdf

Anshul@Anshul MINGW64 /d/AssignmentGit (master)
$ git status
On branch master
nothing to commit, working tree clean

Anshul@Anshul MINGW64 /d/AssignmentGit (master)
$ ls
content.txt  index.txt  newFile.pdf

Anshul@Anshul MINGW64 /d/AssignmentGit (master)
$ gir checkout -b Book
bash: gir: command not found

Anshul@Anshul MINGW64 /d/AssignmentGit (master)
$ git checkout -b Book
Switched to a new branch 'Book'

Anshul@Anshul MINGW64 /d/AssignmentGit (Book)
$ ls
content.txt  index.txt  newFile.pdf

Anshul@Anshul MINGW64 /d/AssignmentGit (Book)
$ code content.txt

Anshul@Anshul MINGW64 /d/AssignmentGit (Book)
$ git add .

Anshul@Anshul MINGW64 /d/AssignmentGit (Book)
$ git commit -m "Update in content.txt file"
[Book 3dfbb57] Update in content.txt file
 1 file changed, 1 insertion(+)

Anshul@Anshul MINGW64 /d/AssignmentGit (Book)
$ git status
On branch Book
nothing to commit, working tree clean

Anshul@Anshul MINGW64 /d/AssignmentGit (Book)
$ ls
content.txt  index.txt  newFile.pdf

Anshul@Anshul MINGW64 /d/AssignmentGit (Book)
$ code index.txt

Anshul@Anshul MINGW64 /d/AssignmentGit (Book)
$ git add .

Anshul@Anshul MINGW64 /d/AssignmentGit (Book)
$ git commit -m "Update in index.txt file"
[Book 4895c9e] Update in index.txt file
 1 file changed, 3 insertions(+), 1 deletion(-)

Anshul@Anshul MINGW64 /d/AssignmentGit (Book)
$ git log
commit 4895c9ecd10323784b5bcfda8fc5643d27a671a9 (HEAD -> Book)
Author: Anshul <anshul.haldkar@zensar.com>
Date:   Tue Jul 14 21:44:02 2020 +0530

    Update in index.txt file

commit 3dfbb57bc7174ccd433dd12d6259350903269a56
Author: Anshul <anshul.haldkar@zensar.com>
Date:   Tue Jul 14 21:41:40 2020 +0530

    Update in content.txt file

commit 35daed4069c72d60f95e65698e12fd07b4c37940 (master)
Author: Anshul <anshul.haldkar@zensar.com>
Date:   Tue Jul 14 21:30:26 2020 +0530

    Create new  file pdf

commit 11b08a4f0e65b590b52b8667af5e2ee54cce2327
Author: Anshul <anshul.haldkar@zensar.com>
Date:   Tue Jul 14 21:23:36 2020 +0530

    Update in contnet.txt

commit e07dcae0b7b7245d1322fcb4f10b8e3ea5640db2
Author: Anshul <anshul.haldkar@zensar.com>
Date:   Tue Jul 14 21:21:07 2020 +0530

    Update in Index.txt

commit 23d1cea7b73af04a61b59cea821aad0d89984e24
Author: Anshul <anshul.haldkar@zensar.com>
Date:   Tue Jul 14 21:18:22 2020 +0530

    Create a file name Content.txt

commit 363e62ae2c1cc4511d650006fed1d1e14aa7cd14
Author: Anshul <anshul.haldkar@zensar.com>
Date:   Tue Jul 14 21:15:44 2020 +0530

    Create a file name Index.txt

Anshul@Anshul MINGW64 /d/AssignmentGit (Book)
$ git branch
* Book
  master

Anshul@Anshul MINGW64 /d/AssignmentGit (Book)
$ code bookauth.txt

Anshul@Anshul MINGW64 /d/AssignmentGit (Book)
$ ls
bookauth.txt  content.txt  index.txt  newFile.pdf

Anshul@Anshul MINGW64 /d/AssignmentGit (Book)
$ git add .

Anshul@Anshul MINGW64 /d/AssignmentGit (Book)
$ git commit -m "Create a new file bookauth.txt"
[Book 6019532] Create a new file bookauth.txt
 1 file changed, 1 insertion(+)
 create mode 100644 bookauth.txt

Anshul@Anshul MINGW64 /d/AssignmentGit (Book)
$ git status
On branch Book
nothing to commit, working tree clean

Anshul@Anshul MINGW64 /d/AssignmentGit (Book)
$ ls
bookauth.txt  content.txt  index.txt  newFile.pdf

Anshul@Anshul MINGW64 /d/AssignmentGit (Book)
$ git branch
* Book
  master

Anshul@Anshul MINGW64 /d/AssignmentGit (Book)
$ git checkout master
Switched to branch 'master'

Anshul@Anshul MINGW64 /d/AssignmentGit (master)
$ git merge Book
Updating 35daed4..6019532
Fast-forward
 bookauth.txt | 1 +
 content.txt  | 1 +
 index.txt    | 4 +++-
 3 files changed, 5 insertions(+), 1 deletion(-)
 create mode 100644 bookauth.txt

Anshul@Anshul MINGW64 /d/AssignmentGit (master)
$ git log --oneline --graph --decorate
* 6019532 (HEAD -> master, Book) Create a new file bookauth.txt
* 4895c9e Update in index.txt file
* 3dfbb57 Update in content.txt file
* 35daed4 Create new  file pdf
* 11b08a4 Update in contnet.txt
* e07dcae Update in Index.txt
* 23d1cea Create a file name Content.txt
* 363e62a Create a file name Index.txt

Anshul@Anshul MINGW64 /d/AssignmentGit (master)
$ git branch
  Book
* master

Anshul@Anshul MINGW64 /d/AssignmentGit (master)
$ git -b end
unknown option: -b
usage: git [--version] [--help] [-C <path>] [-c <name>=<value>]
           [--exec-path[=<path>]] [--html-path] [--man-path] [--info-path]
           [-p | --paginate | -P | --no-pager] [--no-replace-objects] [--bare]
           [--git-dir=<path>] [--work-tree=<path>] [--namespace=<name>]
           <command> [<args>]

Anshul@Anshul MINGW64 /d/AssignmentGit (master)
$ git checkout -b end
Switched to a new branch 'end'

Anshul@Anshul MINGW64 /d/AssignmentGit (end)
$ ls
bookauth.txt  content.txt  index.txt  newFile.pdf

Anshul@Anshul MINGW64 /d/AssignmentGit (end)
$ code bookauth.txt

Anshul@Anshul MINGW64 /d/AssignmentGit (end)
$ git add .

Anshul@Anshul MINGW64 /d/AssignmentGit (end)
$ git commit -m "Update in bookauth.txt"
[end d82557e] Update in bookauth.txt
 1 file changed, 1 insertion(+)

Anshul@Anshul MINGW64 /d/AssignmentGit (end)
$ git branch
  Book
* end
  master

Anshul@Anshul MINGW64 /d/AssignmentGit (end)
$ git checkout master
Switched to branch 'master'

Anshul@Anshul MINGW64 /d/AssignmentGit (master)
$ ls
bookauth.txt  content.txt  index.txt  newFile.pdf

Anshul@Anshul MINGW64 /d/AssignmentGit (master)
$ code index.txt

Anshul@Anshul MINGW64 /d/AssignmentGit (master)
$ git add .

Anshul@Anshul MINGW64 /d/AssignmentGit (master)
$ git commit -m "Uodate in bookauth file"
[master eee1593] Uodate in bookauth file
 1 file changed, 1 insertion(+)

Anshul@Anshul MINGW64 /d/AssignmentGit (master)
$ git stats
git: 'stats' is not a git command. See 'git --help'.

The most similar command is
        status

Anshul@Anshul MINGW64 /d/AssignmentGit (master)
$ git status
On branch master
nothing to commit, working tree clean

Anshul@Anshul MINGW64 /d/AssignmentGit (master)
$ git checkout end
Switched to branch 'end'

Anshul@Anshul MINGW64 /d/AssignmentGit (end)
$ code index.txt

Anshul@Anshul MINGW64 /d/AssignmentGit (end)
$ git add .

Anshul@Anshul MINGW64 /d/AssignmentGit (end)
$ git commit -m "Update in index file"
[end 431601e] Update in index file
 1 file changed, 1 insertion(+)

Anshul@Anshul MINGW64 /d/AssignmentGit (end)
$ git checkout master
Switched to branch 'master'

Anshul@Anshul MINGW64 /d/AssignmentGit (master)
$ git merge end
Auto-merging index.txt
CONFLICT (content): Merge conflict in index.txt
Automatic merge failed; fix conflicts and then commit the result.

Anshul@Anshul MINGW64 /d/AssignmentGit (master|MERGING)
$ git log --online --graph --decorate
fatal: unrecognized argument: --online

Anshul@Anshul MINGW64 /d/AssignmentGit (master|MERGING)
$ git log --oneline --graph --decorate
* eee1593 (HEAD -> master) Uodate in bookauth file
* 6019532 (Book) Create a new file bookauth.txt
* 4895c9e Update in index.txt file
* 3dfbb57 Update in content.txt file
* 35daed4 Create new  file pdf
* 11b08a4 Update in contnet.txt
* e07dcae Update in Index.txt
* 23d1cea Create a file name Content.txt
* 363e62a Create a file name Index.txt

Anshul@Anshul MINGW64 /d/AssignmentGit (master|MERGING)
$ git remote add origin https://github.com/Anshul228/assignment1.git

Anshul@Anshul MINGW64 /d/AssignmentGit (master|MERGING)
$ git push -u origin master
Enumerating objects: 27, done.
Counting objects: 100% (27/27), done.
Delta compression using up to 8 threads
Compressing objects: 100% (23/23), done.
Writing objects: 100% (27/27), 2.53 KiB | 518.00 KiB/s, done.
Total 27 (delta 6), reused 0 (delta 0), pack-reused 0
remote: Resolving deltas: 100% (6/6), done.
To https://github.com/Anshul228/assignment1.git
 * [new branch]      master -> master
Branch 'master' set up to track remote branch 'master' from 'origin'.

Anshul@Anshul MINGW64 /d/AssignmentGit (master|MERGING)
$
